Say my name program tests

>>> say_my_name = __import__('3-say_my_name').say_my_name

>>> say_my_name("John", "Mariita")
my name is John Mariita

>>> say_my_name("John")
my name is John 

>>> say_my_name("John", 19)
Traceback (most recent call last):
...
TypeError: last_name must be a string

>>> say_my_name(19, "John")
Traceback (most recent call last):
...
TypeError: first_name must be a string

>>> say_my_name()
Traceback (most recent call last):
...
TypeError: say_my_name() missing 1 required positional argument: 'first_name'
